// Jest Snapshot v1, https://goo.gl/fbAQLP

exports[`yarn outdated --all should fallback to computed workspace name 1`] = `undefined`;
