// Jest Snapshot v1, https://goo.gl/fbAQLP

exports[`yarn outdated --check should return exit code 0 when dependencies are up to date 1`] = `
"Checking for outdated dependencies
--- PROGRESS ---
--- SEPARATOR ---
âœ¨ All your dependencies are up to date!
"
`;

exports[`yarn outdated --check should return exit code 1 when outdated dependencies are found 1`] = `
[Error: Checking for outdated dependencies
--- PROGRESS ---
--- SEPARATOR ---
Package     Current   Latest   Package Type
package-b   1.1.1     1.3.0    dependencies
package-c   1.2.0     1.2.1    dependencies
--- SEPARATOR ---
ERROR: 2 dependencies are out of date
]
`;
